[partition-reconvergence] validating affinity sync recovery and reconvergence invariants
[partition-reconvergence] server: schema sync failure returns database to ready
    Finished `test` profile [unoptimized + debuginfo] target(s) in 0.15s
     Running unittests src/lib.rs (target/debug/deps/server-3f4ad618eee1e295)

running 1 test
test core::app::tests::affinity_schema_sync_failure_returns_database_to_ready ... ok

test result: ok. 1 passed; 0 failed; 0 ignored; 0 measured; 357 filtered out; finished in 0.00s

     Running unittests src/main.rs (target/debug/deps/server-7e9e662b60c2a549)

running 0 tests

test result: ok. 0 passed; 0 failed; 0 ignored; 0 measured; 2 filtered out; finished in 0.00s

[partition-reconvergence] server: stale wal import ignored and database returns to ready
    Finished `test` profile [unoptimized + debuginfo] target(s) in 0.15s
     Running unittests src/lib.rs (target/debug/deps/server-3f4ad618eee1e295)

running 1 test
test core::app::tests::affinity_wal_import_ignores_stale_schema_revision_and_returns_database_to_ready ... ok

test result: ok. 1 passed; 0 failed; 0 ignored; 0 measured; 357 filtered out; finished in 0.01s

     Running unittests src/main.rs (target/debug/deps/server-7e9e662b60c2a549)

running 0 tests

test result: ok. 0 passed; 0 failed; 0 ignored; 0 measured; 2 filtered out; finished in 0.00s

[partition-reconvergence] serverlib: replication executor tracks phase progression
    Finished `test` profile [unoptimized + debuginfo] target(s) in 0.14s
     Running unittests src/lib.rs (target/debug/deps/serverlib-a038f34fbe94c208)

running 1 test
test engine::replication_executor::tests::executor_tracks_phase_progression ... ok

test result: ok. 1 passed; 0 failed; 0 ignored; 0 measured; 728 filtered out; finished in 0.00s

[partition-reconvergence] serverlib: checkpoint integration persists recovery position
    Finished `test` profile [unoptimized + debuginfo] target(s) in 0.14s
     Running unittests src/lib.rs (target/debug/deps/serverlib-a038f34fbe94c208)

running 1 test
test engine::affinity::storage::tests::processor_checkpoint_integration ... ok

test result: ok. 1 passed; 0 failed; 0 ignored; 0 measured; 728 filtered out; finished in 0.00s

[partition-reconvergence] suite passed
